// Bun Snapshot v1, https://goo.gl/fbAQLP

exports[`monorepo utils uniform_update should update the monorepo dependencies with a config file 1`] = `
"{
  "name": "@monoutil/test_project_package",
  "version": "1.0.0",
  "description": "",
  "main": "index.js",
  "scripts": {},
  "dependencies": {
    "pullstate": "2.0.0",
    "rimraf": "6.0.1",
    "lodash": "4.17.21"
  },
  "devDependencies": { "monoutil": "workspace:*" },
  "repository": {
    "type": "git",
    "url": "https://github.com/lostpebble/monorepo-utils.git"
  },
  "private": true
}
"
`;

exports[`monorepo utils uniform_update should update the monorepo dependencies with a passed CLI arguments 1`] = `
"{
  "name": "@monoutil/test_project_package",
  "version": "1.0.0",
  "description": "",
  "main": "index.js",
  "scripts": {},
  "dependencies": {
    "pullstate": "2.0.0",
    "rimraf": "6.0.1",
    "lodash": "4.17.21"
  },
  "devDependencies": { "monoutil": "workspace:*" },
  "repository": {
    "type": "git",
    "url": "https://github.com/lostpebble/monorepo-utils.git"
  },
  "private": true
}
"
`;

exports[`monorepo utils uniform_update should update the monorepo dependencies with a passed CLI arguments 2`] = `
"{
  "name": "@monoutil/test_project_package",
  "version": "1.0.0",
  "description": "",
  "main": "index.js",
  "scripts": {},
  "dependencies": {
    "pullstate": "2.0.0",
    "rimraf": "6.0.1",
    "lodash": "4.17.21"
  },
  "devDependencies": { "monoutil": "workspace:*" },
  "repository": {
    "type": "git",
    "url": "https://github.com/lostpebble/monorepo-utils.git"
  },
  "private": true
}
"
`;

exports[`monorepo utils uniform_update should update the monorepo dependencies with a config file 2`] = `
"{
  "name": "@monoutil/test_project_package",
  "version": "1.0.0",
  "description": "",
  "main": "index.js",
  "scripts": {},
  "dependencies": {
    "pullstate": "2.0.0",
    "rimraf": "6.0.1",
    "lodash": "4.17.21"
  },
  "devDependencies": { "monoutil": "workspace:*" },
  "repository": {
    "type": "git",
    "url": "https://github.com/lostpebble/monorepo-utils.git"
  },
  "private": true
}
"
`;
